// Jest Snapshot v1, https://goo.gl/fbAQLP

exports[`pruebas en <HookApp/> debe mostrarse correctament 1`] = `
<div>
  <h1>
    Hola mundo
  </h1>
</div>
`;
