// Jest Snapshot v1, https://goo.gl/fbAQLP

exports[`Pruebas de <MultipleCustomHooks/> debe de mostrarse correctamente 1`] = `
<div>
  <h1>
    BreakingBad Quetes
  </h1>
  <hr />
  <div
    className="alert alert-info text-center"
  >
    loading...
  </div>
  <button
    className="btn btn-primary"
    onClick={[Function]}
  >
    Siguiente capitulo
  </button>
</div>
`;
